// Jest Snapshot v1, https://goo.gl/fbAQLP

exports[`(Component) Image renders without crashing 1`] = `
<img
  alt="My fake alt text"
  className=""
  src="src"
/>
`;
