// Jest Snapshot v1, https://goo.gl/fbAQLP

exports[`(Component) Header renders without crashing 1`] = `
<div
  className="className"
>
  <div>
    child
  </div>
</div>
`;
