// Jest Snapshot v1, https://goo.gl/fbAQLP

exports[`(Component) Icon renders without crashing 1`] = `
<img
  alt="My fake alt text"
  className="icon "
  src="test-file-stub"
/>
`;
