// Jest Snapshot v1, https://goo.gl/fbAQLP

exports[`(Container) DogsBreedSearchContainer renders DogsBreedSearchView component 1`] = `
<DogsBreedSearchView
  dogsBreedValue=""
  handleChange={[Function]}
  handleSubmit={[Function]}
  hasError={false}
/>
`;
